// Jest Snapshot v1, https://goo.gl/fbAQLP

exports[`Profile Page correctly renders Bot Profile if bot is available 1`] = `
LoadedCheerio {
  "0": Node {
    "attribs": Object {
      "class": " loader",
    },
    "children": Array [
      Node {
        "attribs": Object {
          "class": "loader-inner loader--style3",
          "title": "2",
        },
        "children": Array [
          Node {
            "attribs": Object {
              "height": "100px",
              "id": "loader-1",
              "style": "enable-background:new 0 0 50 50",
              "version": "1.1",
              "viewBox": "0 0 50 50",
              "width": "100px",
              "x": "0px",
              "xmlns": "http://www.w3.org/2000/svg",
              "y": "0px",
            },
            "children": Array [
              Node {
                "attribs": Object {
                  "d": "M43.935,25.145c0-10.318-8.364-18.683-18.683-18.683c-10.318,0-18.683,8.365-18.683,18.683h4.068c0-8.071,6.543-14.615,14.615-14.615c8.072,0,14.615,6.543,14.615,14.615H43.935z",
                  "fill": "#000",
                },
                "children": Array [
                  Node {
                    "attribs": Object {
                      "attributeName": "transform",
                      "attributeType": "xml",
                      "dur": "0.6s",
                      "from": "0 25 25",
                      "repeatCount": "indefinite",
                      "to": "360 25 25",
                      "type": "rotate",
                    },
                    "children": Array [],
                    "name": "animateTransform",
                    "namespace": "http://www.w3.org/2000/svg",
                    "next": null,
                    "parent": [Circular],
                    "prev": null,
                    "type": "tag",
                    "x-attribsNamespace": Object {
                      "attributeName": undefined,
                      "attributeType": undefined,
                      "dur": undefined,
                      "from": undefined,
                      "repeatCount": undefined,
                      "to": undefined,
                      "type": undefined,
                    },
                    "x-attribsPrefix": Object {
                      "attributeName": undefined,
                      "attributeType": undefined,
                      "dur": undefined,
                      "from": undefined,
                      "repeatCount": undefined,
                      "to": undefined,
                      "type": undefined,
                    },
                  },
                ],
                "name": "path",
                "namespace": "http://www.w3.org/2000/svg",
                "next": null,
                "parent": [Circular],
                "prev": null,
                "type": "tag",
                "x-attribsNamespace": Object {
                  "d": undefined,
                  "fill": undefined,
                },
                "x-attribsPrefix": Object {
                  "d": undefined,
                  "fill": undefined,
                },
              },
            ],
            "name": "svg",
            "namespace": "http://www.w3.org/2000/svg",
            "next": null,
            "parent": [Circular],
            "prev": null,
            "type": "tag",
            "x-attribsNamespace": Object {
              "height": undefined,
              "id": undefined,
              "style": undefined,
              "version": undefined,
              "viewBox": undefined,
              "width": undefined,
              "x": undefined,
              "xmlns": "http://www.w3.org/2000/xmlns/",
              "y": undefined,
            },
            "x-attribsPrefix": Object {
              "height": undefined,
              "id": undefined,
              "style": undefined,
              "version": undefined,
              "viewBox": undefined,
              "width": undefined,
              "x": undefined,
              "xmlns": "",
              "y": undefined,
            },
          },
        ],
        "name": "div",
        "namespace": "http://www.w3.org/1999/xhtml",
        "next": null,
        "parent": [Circular],
        "prev": null,
        "type": "tag",
        "x-attribsNamespace": Object {
          "class": undefined,
          "title": undefined,
        },
        "x-attribsPrefix": Object {
          "class": undefined,
          "title": undefined,
        },
      },
    ],
    "name": "div",
    "namespace": "http://www.w3.org/1999/xhtml",
    "next": null,
    "parent": Node {
      "children": Array [
        [Circular],
      ],
      "name": "root",
      "next": null,
      "parent": null,
      "prev": null,
      "type": "root",
    },
    "prev": null,
    "type": "tag",
    "x-attribsNamespace": Object {
      "class": undefined,
    },
    "x-attribsPrefix": Object {
      "class": undefined,
    },
  },
  "_root": LoadedCheerio {
    "0": Node {
      "children": Array [
        Node {
          "attribs": Object {},
          "children": Array [
            Node {
              "attribs": Object {},
              "children": Array [],
              "name": "head",
              "namespace": "http://www.w3.org/1999/xhtml",
              "next": Node {
                "attribs": Object {},
                "children": Array [],
                "name": "body",
                "namespace": "http://www.w3.org/1999/xhtml",
                "next": null,
                "parent": [Circular],
                "prev": [Circular],
                "type": "tag",
                "x-attribsNamespace": Object {},
                "x-attribsPrefix": Object {},
              },
              "parent": [Circular],
              "prev": null,
              "type": "tag",
              "x-attribsNamespace": Object {},
              "x-attribsPrefix": Object {},
            },
            Node {
              "attribs": Object {},
              "children": Array [],
              "name": "body",
              "namespace": "http://www.w3.org/1999/xhtml",
              "next": null,
              "parent": [Circular],
              "prev": Node {
                "attribs": Object {},
                "children": Array [],
                "name": "head",
                "namespace": "http://www.w3.org/1999/xhtml",
                "next": [Circular],
                "parent": [Circular],
                "prev": null,
                "type": "tag",
                "x-attribsNamespace": Object {},
                "x-attribsPrefix": Object {},
              },
              "type": "tag",
              "x-attribsNamespace": Object {},
              "x-attribsPrefix": Object {},
            },
          ],
          "name": "html",
          "namespace": "http://www.w3.org/1999/xhtml",
          "next": null,
          "parent": [Circular],
          "prev": null,
          "type": "tag",
          "x-attribsNamespace": Object {},
          "x-attribsPrefix": Object {},
        },
      ],
      "name": "root",
      "next": null,
      "parent": null,
      "prev": null,
      "type": "root",
      "x-mode": "quirks",
    },
    "_root": [Circular],
    "length": 1,
    "options": Object {
      "decodeEntities": true,
      "xml": false,
    },
  },
  "length": 1,
  "options": Object {
    "decodeEntities": true,
    "xml": false,
  },
}
`;

exports[`Profile Page correctly renders Profile Page Loader if bot is unavailable 1`] = `
LoadedCheerio {
  "0": Node {
    "attribs": Object {
      "class": " loader",
    },
    "children": Array [
      Node {
        "attribs": Object {
          "class": "loader-inner loader--style3",
          "title": "2",
        },
        "children": Array [
          Node {
            "attribs": Object {
              "height": "100px",
              "id": "loader-1",
              "style": "enable-background:new 0 0 50 50",
              "version": "1.1",
              "viewBox": "0 0 50 50",
              "width": "100px",
              "x": "0px",
              "xmlns": "http://www.w3.org/2000/svg",
              "y": "0px",
            },
            "children": Array [
              Node {
                "attribs": Object {
                  "d": "M43.935,25.145c0-10.318-8.364-18.683-18.683-18.683c-10.318,0-18.683,8.365-18.683,18.683h4.068c0-8.071,6.543-14.615,14.615-14.615c8.072,0,14.615,6.543,14.615,14.615H43.935z",
                  "fill": "#000",
                },
                "children": Array [
                  Node {
                    "attribs": Object {
                      "attributeName": "transform",
                      "attributeType": "xml",
                      "dur": "0.6s",
                      "from": "0 25 25",
                      "repeatCount": "indefinite",
                      "to": "360 25 25",
                      "type": "rotate",
                    },
                    "children": Array [],
                    "name": "animateTransform",
                    "namespace": "http://www.w3.org/2000/svg",
                    "next": null,
                    "parent": [Circular],
                    "prev": null,
                    "type": "tag",
                    "x-attribsNamespace": Object {
                      "attributeName": undefined,
                      "attributeType": undefined,
                      "dur": undefined,
                      "from": undefined,
                      "repeatCount": undefined,
                      "to": undefined,
                      "type": undefined,
                    },
                    "x-attribsPrefix": Object {
                      "attributeName": undefined,
                      "attributeType": undefined,
                      "dur": undefined,
                      "from": undefined,
                      "repeatCount": undefined,
                      "to": undefined,
                      "type": undefined,
                    },
                  },
                ],
                "name": "path",
                "namespace": "http://www.w3.org/2000/svg",
                "next": null,
                "parent": [Circular],
                "prev": null,
                "type": "tag",
                "x-attribsNamespace": Object {
                  "d": undefined,
                  "fill": undefined,
                },
                "x-attribsPrefix": Object {
                  "d": undefined,
                  "fill": undefined,
                },
              },
            ],
            "name": "svg",
            "namespace": "http://www.w3.org/2000/svg",
            "next": null,
            "parent": [Circular],
            "prev": null,
            "type": "tag",
            "x-attribsNamespace": Object {
              "height": undefined,
              "id": undefined,
              "style": undefined,
              "version": undefined,
              "viewBox": undefined,
              "width": undefined,
              "x": undefined,
              "xmlns": "http://www.w3.org/2000/xmlns/",
              "y": undefined,
            },
            "x-attribsPrefix": Object {
              "height": undefined,
              "id": undefined,
              "style": undefined,
              "version": undefined,
              "viewBox": undefined,
              "width": undefined,
              "x": undefined,
              "xmlns": "",
              "y": undefined,
            },
          },
        ],
        "name": "div",
        "namespace": "http://www.w3.org/1999/xhtml",
        "next": null,
        "parent": [Circular],
        "prev": null,
        "type": "tag",
        "x-attribsNamespace": Object {
          "class": undefined,
          "title": undefined,
        },
        "x-attribsPrefix": Object {
          "class": undefined,
          "title": undefined,
        },
      },
    ],
    "name": "div",
    "namespace": "http://www.w3.org/1999/xhtml",
    "next": null,
    "parent": Node {
      "children": Array [
        [Circular],
      ],
      "name": "root",
      "next": null,
      "parent": null,
      "prev": null,
      "type": "root",
    },
    "prev": null,
    "type": "tag",
    "x-attribsNamespace": Object {
      "class": undefined,
    },
    "x-attribsPrefix": Object {
      "class": undefined,
    },
  },
  "_root": LoadedCheerio {
    "0": Node {
      "children": Array [
        Node {
          "attribs": Object {},
          "children": Array [
            Node {
              "attribs": Object {},
              "children": Array [],
              "name": "head",
              "namespace": "http://www.w3.org/1999/xhtml",
              "next": Node {
                "attribs": Object {},
                "children": Array [],
                "name": "body",
                "namespace": "http://www.w3.org/1999/xhtml",
                "next": null,
                "parent": [Circular],
                "prev": [Circular],
                "type": "tag",
                "x-attribsNamespace": Object {},
                "x-attribsPrefix": Object {},
              },
              "parent": [Circular],
              "prev": null,
              "type": "tag",
              "x-attribsNamespace": Object {},
              "x-attribsPrefix": Object {},
            },
            Node {
              "attribs": Object {},
              "children": Array [],
              "name": "body",
              "namespace": "http://www.w3.org/1999/xhtml",
              "next": null,
              "parent": [Circular],
              "prev": Node {
                "attribs": Object {},
                "children": Array [],
                "name": "head",
                "namespace": "http://www.w3.org/1999/xhtml",
                "next": [Circular],
                "parent": [Circular],
                "prev": null,
                "type": "tag",
                "x-attribsNamespace": Object {},
                "x-attribsPrefix": Object {},
              },
              "type": "tag",
              "x-attribsNamespace": Object {},
              "x-attribsPrefix": Object {},
            },
          ],
          "name": "html",
          "namespace": "http://www.w3.org/1999/xhtml",
          "next": null,
          "parent": [Circular],
          "prev": null,
          "type": "tag",
          "x-attribsNamespace": Object {},
          "x-attribsPrefix": Object {},
        },
      ],
      "name": "root",
      "next": null,
      "parent": null,
      "prev": null,
      "type": "root",
      "x-mode": "quirks",
    },
    "_root": [Circular],
    "length": 1,
    "options": Object {
      "decodeEntities": true,
      "xml": false,
    },
  },
  "length": 1,
  "options": Object {
    "decodeEntities": true,
    "xml": false,
  },
}
`;
