// Jest Snapshot v1, https://goo.gl/fbAQLP

exports[`Loader Component expect to render Loader 1`] = `ShallowWrapper {}`;
