// Jest Snapshot v1, https://goo.gl/fbAQLP

exports[`Navbar Component expect to render Navbar 1`] = `ShallowWrapper {}`;
